
> mfood@0.1.0 build
> next build

Ôû▓ Next.js 16.1.6 (Turbopack)
- Environments: .env

  Creating an optimized production build ...
Ô£ô Compiled successfully in 4.2s
  Running TypeScript ...
  Collecting page data using 7 workers ...
  Generating static pages using 7 workers (0/7) ...
  Generating static pages using 7 workers (1/7) 
  Generating static pages using 7 workers (3/7) 
  Generating static pages using 7 workers (5/7) 
Ô£ô Generating static pages using 7 workers (7/7) in 438.8ms
  Finalizing page optimization ...

Route (app)
Ôöî Ôùï /
Ôö£ Ôùï /_not-found
Ôö£ ãÆ /admin/dashboard
Ôö£ ãÆ /admin/login
Ôö£ ãÆ /admin/menu
Ôö£ ãÆ /admin/orders
Ôö£ ãÆ /admin/settings
Ôö£ ãÆ /api/auth/[...nextauth]
Ôö£ Ôùï /cart
Ôöö ãÆ /menu


Ôùï  (Static)   prerendered as static content
ãÆ  (Dynamic)  server-rendered on demand

